// Jest Snapshot v1, https://goo.gl/fbAQLP

exports[`TodoContainer specs should render the component snapshot correctly 1`] = `
<section
  className=""
>
  <form
    onSubmit={[Function]}
  >
    <input
      name="item"
      onBlur={[Function]}
      onChange={[Function]}
      onDragStart={[Function]}
      onDrop={[Function]}
      onFocus={[Function]}
      type="text"
      value=""
    />
    <button
      className=""
      type="submit"
    >
      Add
    </button>
  </form>
</section>
`;
