// Jest Snapshot v1, https://goo.gl/fbAQLP

exports[`TodoContainer specs should render the component snapshot correctly 1`] = `
<section
  className=""
>
  <div
    className=""
  >
    <input
      className=""
      id="input-add-todo"
      onChange={[Function]}
      type="text"
    />
    <button
      className=""
      onClick={[Function]}
    >
      Add
    </button>
  </div>
</section>
`;
